--- Test MD Content ---

```markdown
# Capitolo Test

- Lista 1
    - Sotto-lista 1
    - Sotto-lista 2
- Lista 2

1. Passaggio 1
    1. Sotto-passaggio 1.1
    2. Sotto-passaggio 1.2
2. Passaggio 2

```
Codice ASCII:
```
    /\
   /  \
  /____\
```
Fine.
```

-----------------------

--- LaTeX Output ---
\documentclass[12pt,a4paper]{book}
\usepackage[utf8]{inputenc}
\usepackage[T1]{fontenc}
\usepackage[italian]{babel}
\usepackage{lmodern}
\usepackage{geometry}
\usepackage{hyperref}
\usepackage{verbatim}
\usepackage{parskip}
\geometry{margin=2.5cm, top=3cm, bottom=3cm}
\hypersetup{colorlinks=true, linkcolor=black, urlcolor=blue}

\title{Test Title}
\author{Test Author}
\date{2026-03-22}

\begin{document}
\maketitle
\tableofcontents
\newpage

\begin{verbatim}
# Capitolo Test

- Lista 1
    - Sotto-lista 1
    - Sotto-lista 2
- Lista 2

1. Passaggio 1
    1. Sotto-passaggio 1.1
    2. Sotto-passaggio 1.2
2. Passaggio 2

\end{verbatim}

Codice ASCII:

\begin{verbatim}
    /\
   /  \
  /____\
\end{verbatim}

Fine.


\end{document}

--------------------

Itemize count: 0 (Expected: 1)
Enumerate count: 0 (Expected: 1)
Verbatim count: 2 (Expected: 1)
Has redundant markers in output: false (Expected: false)

ÔØî VERIFICA FALLITA!
